2026-06-04 22:24:47,309 [INFO] ========== ORCHESTRATORE ==========
2026-06-04 22:24:47,309 [INFO] OUTPUT DIR:  /Users/theo/Desktop/P.IVA/Aziende/Ermes/Lavori/SIT - RSM/rev2/Rumore/output
2026-06-04 22:24:47,309 [INFO] OUTPUT FILE: vr_out.xlsx
2026-06-04 22:24:47,309 [INFO] SKIP FASE 1: False
2026-06-04 22:24:47,310 [INFO] --- FASE 1: copia dati ---
2026-06-04 22:24:47,310 [INFO] Template copiato in: /Users/theo/Desktop/P.IVA/Aziende/Ermes/Lavori/SIT - RSM/rev2/Rumore/output/vr_out.xlsx
2026-06-04 22:24:47,310 [INFO] === orchestrazione_copia_incolla ===
2026-06-04 22:24:47,310 [INFO] Directory data-excel: /Users/theo/Desktop/P.IVA/Aziende/Ermes/Lavori/SIT - RSM/rev2/Rumore/misure/data
2026-06-04 22:24:47,310 [INFO] File trovati: ['misD.xlsx', 'misE.xlsx', 'misF.xlsx', 'misW.xlsx']
2026-06-04 22:24:47,310 [DEBUG] Caricamento vr-excel una sola volta: /Users/theo/Desktop/P.IVA/Aziende/Ermes/Lavori/SIT - RSM/rev2/Rumore/output/vr_out.xlsx
2026-06-04 22:24:47,790 [INFO] --- Elaborazione: misD.xlsx ---
2026-06-04 22:24:47,790 [INFO] === data_excel2vr_excel ===
2026-06-04 22:24:47,790 [INFO] data-excel: /Users/theo/Desktop/P.IVA/Aziende/Ermes/Lavori/SIT - RSM/rev2/Rumore/misure/data/misD.xlsx
2026-06-04 22:24:47,790 [INFO] vr-excel:   /Users/theo/Desktop/P.IVA/Aziende/Ermes/Lavori/SIT - RSM/rev2/Rumore/output/vr_out.xlsx
2026-06-04 22:24:47,790 [INFO] revisione:  2  |  data: 26-feb-26  |  foglio: Tab-Mis
2026-06-04 22:24:47,790 [DEBUG] Caricamento data-excel...
2026-06-04 22:24:47,798 [INFO] ID univoci trovati nel data-excel: ['D1', 'D2', 'D3', 'D4', 'D5', 'D6', 'D7']
2026-06-04 22:24:47,798 [DEBUG] Uso workbook vr-excel già caricato in memoria.
2026-06-04 22:24:47,798 [INFO] Ultima riga occupata in colonna B del foglio Tab-Mis: 147
2026-06-04 22:24:47,798 [DEBUG] Inserimento riga 148: ID=D1_2
2026-06-04 22:24:47,798 [DEBUG]   nTrack=1 → R=71.3, S=73.8, T=100.4
2026-06-04 22:24:47,798 [DEBUG]   nTrack=2 → X=71.0, Y=73.9, Z=99.1
2026-06-04 22:24:47,798 [DEBUG]   nTrack=3 → AB=70.0, AC=74.5, AD=94.2
2026-06-04 22:24:47,798 [DEBUG]   nTrack=4 → AF=69.1, AG=73.5, AH=90.9
2026-06-04 22:24:47,798 [DEBUG]   nTrack=5 → AJ=69.3, AK=73.2, AL=95.0
2026-06-04 22:24:47,798 [DEBUG]   nTrack=6 → AN=69.2, AO=73.7, AP=90.1
2026-06-04 22:24:47,798 [DEBUG]   Formula col M: 'None' → 'None'
2026-06-04 22:24:47,798 [DEBUG]   Formula col N: 'None' → 'None'
2026-06-04 22:24:47,798 [DEBUG]   Formula col O: 'None' → 'None'
2026-06-04 22:24:47,798 [DEBUG]   Formula col P: 'None' → 'None'
2026-06-04 22:24:47,799 [DEBUG]   Celle dalla riga 147 copiate in riga 148 (col AQ → col AR)
2026-06-04 22:24:47,799 [DEBUG] Inserimento riga 149: ID=D2_2
2026-06-04 22:24:47,799 [DEBUG]   nTrack=1 → R=72.0, S=75.5, T=94.3
2026-06-04 22:24:47,799 [DEBUG]   nTrack=2 → X=70.6, Y=74.9, Z=90.5
2026-06-04 22:24:47,799 [DEBUG]   nTrack=3 → AB=70.2, AC=74.5, AD=91.5
2026-06-04 22:24:47,799 [DEBUG]   nTrack=4 → AF=69.7, AG=73.9, AH=101.3
2026-06-04 22:24:47,799 [DEBUG]   nTrack=5 → AJ=71.9, AK=74.6, AL=91.0
2026-06-04 22:24:47,799 [DEBUG]   nTrack=6 → AN=69.7, AO=73.8, AP=98.4
2026-06-04 22:24:47,799 [DEBUG]   Formula col M: 'None' → 'None'
2026-06-04 22:24:47,799 [DEBUG]   Formula col N: 'None' → 'None'
2026-06-04 22:24:47,799 [DEBUG]   Formula col O: 'None' → 'None'
2026-06-04 22:24:47,799 [DEBUG]   Formula col P: 'None' → 'None'
2026-06-04 22:24:47,799 [DEBUG]   Celle dalla riga 148 copiate in riga 149 (col AQ → col AR)
2026-06-04 22:24:47,799 [DEBUG] Inserimento riga 150: ID=D3_2
2026-06-04 22:24:47,799 [DEBUG]   nTrack=1 → R=70.6, S=73.8, T=105.5
2026-06-04 22:24:47,799 [DEBUG]   nTrack=2 → X=68.8, Y=72.5, Z=97.9
2026-06-04 22:24:47,799 [DEBUG]   nTrack=3 → AB=70.7, AC=75.6, AD=114.1
2026-06-04 22:24:47,799 [DEBUG]   nTrack=4 → AF=69.0, AG=73.5, AH=97.0
2026-06-04 22:24:47,799 [DEBUG]   nTrack=5 → AJ=71.5, AK=73.8, AL=96.3
2026-06-04 22:24:47,799 [DEBUG]   nTrack=6 → AN=71.6, AO=74.3, AP=102.4
2026-06-04 22:24:47,799 [DEBUG]   Formula col M: 'None' → 'None'
2026-06-04 22:24:47,799 [DEBUG]   Formula col N: 'None' → 'None'
2026-06-04 22:24:47,799 [DEBUG]   Formula col O: 'None' → 'None'
2026-06-04 22:24:47,799 [DEBUG]   Formula col P: 'None' → 'None'
2026-06-04 22:24:47,800 [DEBUG]   Celle dalla riga 149 copiate in riga 150 (col AQ → col AR)
2026-06-04 22:24:47,800 [DEBUG] Inserimento riga 151: ID=D4_2
2026-06-04 22:24:47,800 [DEBUG]   nTrack=1 → R=57.5, S=65.2, T=100.7
2026-06-04 22:24:47,800 [DEBUG]   nTrack=2 → X=59.8, Y=71.5, Z=108.1
2026-06-04 22:24:47,800 [DEBUG]   nTrack=3 → AB=57.0, AC=63.9, AD=100.0
2026-06-04 22:24:47,800 [DEBUG]   nTrack=4 → AF=38.8, AG=51.8, AH=68.6
2026-06-04 22:24:47,800 [DEBUG]   nTrack=5 → AJ=40.0, AK=53.6, AL=76.3
2026-06-04 22:24:47,800 [DEBUG]   nTrack=6 → AN=53.9, AO=62.0, AP=98.4
2026-06-04 22:24:47,800 [DEBUG]   Formula col M: 'None' → 'None'
2026-06-04 22:24:47,800 [DEBUG]   Formula col N: 'None' → 'None'
2026-06-04 22:24:47,800 [DEBUG]   Formula col O: 'None' → 'None'
2026-06-04 22:24:47,800 [DEBUG]   Formula col P: 'None' → 'None'
2026-06-04 22:24:47,800 [DEBUG]   Celle dalla riga 150 copiate in riga 151 (col AQ → col AR)
2026-06-04 22:24:47,800 [DEBUG] Inserimento riga 152: ID=D5_2
2026-06-04 22:24:47,800 [DEBUG]   nTrack=1 → R=61.1, S=67.4, T=98.9
2026-06-04 22:24:47,800 [DEBUG]   nTrack=2 → X=53.3, Y=62.8, Z=81.9
2026-06-04 22:24:47,800 [DEBUG]   nTrack=3 → AB=52.8, AC=62.5, AD=81.7
2026-06-04 22:24:47,800 [DEBUG]   nTrack=4 → AF=56.6, AG=63.7, AH=91.3
2026-06-04 22:24:47,800 [DEBUG]   nTrack=5 → AJ=58.8, AK=62.5, AL=97.8
2026-06-04 22:24:47,800 [DEBUG]   nTrack=6 → AN=52.7, AO=56.0, AP=84.2
2026-06-04 22:24:47,800 [DEBUG]   Formula col M: 'None' → 'None'
2026-06-04 22:24:47,800 [DEBUG]   Formula col N: 'None' → 'None'
2026-06-04 22:24:47,800 [DEBUG]   Formula col O: 'None' → 'None'
2026-06-04 22:24:47,800 [DEBUG]   Formula col P: 'None' → 'None'
2026-06-04 22:24:47,800 [DEBUG]   Celle dalla riga 151 copiate in riga 152 (col AQ → col AR)
2026-06-04 22:24:47,800 [DEBUG] Inserimento riga 153: ID=D6_2
2026-06-04 22:24:47,800 [DEBUG]   nTrack=1 → R=80.9, S=81.2, T=95.5
2026-06-04 22:24:47,800 [DEBUG]   nTrack=2 → X=80.7, Y=80.9, Z=95.5
2026-06-04 22:24:47,800 [DEBUG]   nTrack=3 → AB=81.3, AC=81.8, AD=98.2
2026-06-04 22:24:47,801 [DEBUG]   nTrack=4 → AF=81.0, AG=81.3, AH=98.7
2026-06-04 22:24:47,801 [DEBUG]   nTrack=5 → AJ=81.1, AK=81.7, AL=97.7
2026-06-04 22:24:47,801 [DEBUG]   nTrack=6 → AN=81.5, AO=82.3, AP=99.8
2026-06-04 22:24:47,801 [DEBUG]   Formula col M: 'None' → 'None'
2026-06-04 22:24:47,801 [DEBUG]   Formula col N: 'None' → 'None'
2026-06-04 22:24:47,801 [DEBUG]   Formula col O: 'None' → 'None'
2026-06-04 22:24:47,801 [DEBUG]   Formula col P: 'None' → 'None'
2026-06-04 22:24:47,801 [DEBUG]   Celle dalla riga 152 copiate in riga 153 (col AQ → col AR)
2026-06-04 22:24:47,801 [DEBUG] Inserimento riga 154: ID=D7_2
2026-06-04 22:24:47,801 [DEBUG]   nTrack=1 → R=84.8, S=87.4, T=110.0
2026-06-04 22:24:47,801 [DEBUG]   nTrack=2 → X=84.6, Y=87.3, Z=110.0
2026-06-04 22:24:47,801 [DEBUG]   nTrack=3 → AB=83.7, AC=86.5, AD=110.0
2026-06-04 22:24:47,801 [DEBUG]   nTrack=4 → AF=84.8, AG=87.4, AH=110.0
2026-06-04 22:24:47,801 [DEBUG]   nTrack=5 → AJ=84.3, AK=87.0, AL=110.0
2026-06-04 22:24:47,801 [DEBUG]   nTrack=6 → AN=84.0, AO=86.7, AP=110.0
2026-06-04 22:24:47,801 [DEBUG]   Formula col M: 'None' → 'None'
2026-06-04 22:24:47,801 [DEBUG]   Formula col N: 'None' → 'None'
2026-06-04 22:24:47,801 [DEBUG]   Formula col O: 'None' → 'None'
2026-06-04 22:24:47,801 [DEBUG]   Formula col P: 'None' → 'None'
2026-06-04 22:24:47,801 [DEBUG]   Celle dalla riga 153 copiate in riga 154 (col AQ → col AR)
2026-06-04 22:24:47,801 [DEBUG] Dati inseriti in memoria (salvataggio delegato al chiamante).
2026-06-04 22:24:47,801 [INFO] === data_excel2vr_excel completata ===
2026-06-04 22:24:47,801 [INFO] --- Elaborazione: misE.xlsx ---
2026-06-04 22:24:47,801 [INFO] === data_excel2vr_excel ===
2026-06-04 22:24:47,801 [INFO] data-excel: /Users/theo/Desktop/P.IVA/Aziende/Ermes/Lavori/SIT - RSM/rev2/Rumore/misure/data/misE.xlsx
2026-06-04 22:24:47,801 [INFO] vr-excel:   /Users/theo/Desktop/P.IVA/Aziende/Ermes/Lavori/SIT - RSM/rev2/Rumore/output/vr_out.xlsx
2026-06-04 22:24:47,801 [INFO] revisione:  2  |  data: 26-feb-26  |  foglio: Tab-Mis
2026-06-04 22:24:47,801 [DEBUG] Caricamento data-excel...
2026-06-04 22:24:47,808 [INFO] ID univoci trovati nel data-excel: ['E1', 'E2', 'E3', 'E4', 'E5']
2026-06-04 22:24:47,808 [DEBUG] Uso workbook vr-excel già caricato in memoria.
2026-06-04 22:24:47,809 [INFO] Ultima riga occupata in colonna B del foglio Tab-Mis: 154
2026-06-04 22:24:47,809 [DEBUG] Inserimento riga 155: ID=E1_2
2026-06-04 22:24:47,809 [DEBUG]   nTrack=1 → R=73.1, S=75.6, T=107.1
2026-06-04 22:24:47,809 [DEBUG]   nTrack=2 → X=72.6, Y=75.8, Z=102.7
2026-06-04 22:24:47,809 [DEBUG]   nTrack=3 → AB=71.1, AC=76.5, AD=98.1
2026-06-04 22:24:47,809 [DEBUG]   nTrack=4 → AF=70.5, AG=75.9, AH=98.4
2026-06-04 22:24:47,809 [DEBUG]   nTrack=5 → AJ=69.9, AK=74.5, AL=93.2
2026-06-04 22:24:47,809 [DEBUG]   nTrack=6 → AN=70.6, AO=76.1, AP=96.7
2026-06-04 22:24:47,809 [DEBUG]   Formula col M: 'None' → 'None'
2026-06-04 22:24:47,809 [DEBUG]   Formula col N: 'None' → 'None'
2026-06-04 22:24:47,809 [DEBUG]   Formula col O: 'None' → 'None'
2026-06-04 22:24:47,809 [DEBUG]   Formula col P: 'None' → 'None'
2026-06-04 22:24:47,809 [DEBUG]   Celle dalla riga 154 copiate in riga 155 (col AQ → col AR)
2026-06-04 22:24:47,809 [DEBUG] Inserimento riga 156: ID=E2_2
2026-06-04 22:24:47,809 [DEBUG]   nTrack=1 → R=72.4, S=77.0, T=100.5
2026-06-04 22:24:47,809 [DEBUG]   nTrack=2 → X=71.1, Y=75.9, Z=91.6
2026-06-04 22:24:47,809 [DEBUG]   nTrack=3 → AB=71.1, AC=75.6, AD=90.9
2026-06-04 22:24:47,809 [DEBUG]   nTrack=4 → AF=73.4, AG=75.7, AH=93.8
2026-06-04 22:24:47,809 [DEBUG]   nTrack=5 → AJ=74.7, AK=76.2, AL=93.4
2026-06-04 22:24:47,809 [DEBUG]   nTrack=6 → AN=71.0, AO=75.0, AP=94.5
2026-06-04 22:24:47,809 [DEBUG]   Formula col M: 'None' → 'None'
2026-06-04 22:24:47,809 [DEBUG]   Formula col N: 'None' → 'None'
2026-06-04 22:24:47,809 [DEBUG]   Formula col O: 'None' → 'None'
2026-06-04 22:24:47,809 [DEBUG]   Formula col P: 'None' → 'None'
2026-06-04 22:24:47,810 [DEBUG]   Celle dalla riga 155 copiate in riga 156 (col AQ → col AR)
2026-06-04 22:24:47,810 [DEBUG] Inserimento riga 157: ID=E3_2
2026-06-04 22:24:47,810 [DEBUG]   nTrack=1 → R=81.7, S=84.0, T=100.7
2026-06-04 22:24:47,810 [DEBUG]   nTrack=2 → X=73.1, Y=76.9, Z=103.9
2026-06-04 22:24:47,810 [DEBUG]   nTrack=3 → AB=72.5, AC=77.4, AD=108.7
2026-06-04 22:24:47,810 [DEBUG]   nTrack=4 → AF=73.0, AG=77.5, AH=113.0
2026-06-04 22:24:47,810 [DEBUG]   nTrack=5 → AJ=74.3, AK=77.2, AL=100.7
2026-06-04 22:24:47,810 [DEBUG]   nTrack=6 → AN=73.4, AO=76.8, AP=97.1
2026-06-04 22:24:47,810 [DEBUG]   Formula col M: 'None' → 'None'
2026-06-04 22:24:47,810 [DEBUG]   Formula col N: 'None' → 'None'
2026-06-04 22:24:47,810 [DEBUG]   Formula col O: 'None' → 'None'
2026-06-04 22:24:47,810 [DEBUG]   Formula col P: 'None' → 'None'
2026-06-04 22:24:47,810 [DEBUG]   Celle dalla riga 156 copiate in riga 157 (col AQ → col AR)
2026-06-04 22:24:47,810 [DEBUG] Inserimento riga 158: ID=E4_2
2026-06-04 22:24:47,810 [DEBUG]   nTrack=1 → R=61.8, S=67.7, T=95.5
2026-06-04 22:24:47,810 [DEBUG]   nTrack=2 → X=65.3, Y=69.2, Z=101.9
2026-06-04 22:24:47,810 [DEBUG]   nTrack=3 → AB=66.4, AC=69.8, AD=94.9
2026-06-04 22:24:47,810 [DEBUG]   nTrack=4 → AF=64.3, AG=67.6, AH=98.4
2026-06-04 22:24:47,810 [DEBUG]   nTrack=5 → AJ=64.7, AK=67.3, AL=103.7
2026-06-04 22:24:47,810 [DEBUG]   nTrack=6 → AN=61.9, AO=66.5, AP=95.3
2026-06-04 22:24:47,810 [DEBUG]   Formula col M: 'None' → 'None'
2026-06-04 22:24:47,810 [DEBUG]   Formula col N: 'None' → 'None'
2026-06-04 22:24:47,810 [DEBUG]   Formula col O: 'None' → 'None'
2026-06-04 22:24:47,810 [DEBUG]   Formula col P: 'None' → 'None'
2026-06-04 22:24:47,811 [DEBUG]   Celle dalla riga 157 copiate in riga 158 (col AQ → col AR)
2026-06-04 22:24:47,811 [DEBUG] Inserimento riga 159: ID=E5_2
2026-06-04 22:24:47,811 [DEBUG]   nTrack=1 → R=65.1, S=76.6, T=92.4
2026-06-04 22:24:47,811 [DEBUG]   nTrack=2 → X=65.1, Y=76.7, Z=90.6
2026-06-04 22:24:47,811 [DEBUG]   nTrack=3 → AB=65.0, AC=76.7, AD=92.1
2026-06-04 22:24:47,811 [DEBUG]   nTrack=4 → AF=65.1, AG=76.7, AH=91.1
2026-06-04 22:24:47,811 [DEBUG]   nTrack=5 → AJ=64.8, AK=76.7, AL=90.9
2026-06-04 22:24:47,812 [DEBUG]   nTrack=6 → AN=67.2, AO=77.0, AP=101.0
2026-06-04 22:24:47,812 [DEBUG]   Formula col M: 'None' → 'None'
2026-06-04 22:24:47,812 [DEBUG]   Formula col N: 'None' → 'None'
2026-06-04 22:24:47,812 [DEBUG]   Formula col O: 'None' → 'None'
2026-06-04 22:24:47,812 [DEBUG]   Formula col P: 'None' → 'None'
2026-06-04 22:24:47,812 [DEBUG]   Celle dalla riga 158 copiate in riga 159 (col AQ → col AR)
2026-06-04 22:24:47,812 [DEBUG] Dati inseriti in memoria (salvataggio delegato al chiamante).
2026-06-04 22:24:47,813 [INFO] === data_excel2vr_excel completata ===
2026-06-04 22:24:47,813 [INFO] --- Elaborazione: misF.xlsx ---
2026-06-04 22:24:47,813 [INFO] === data_excel2vr_excel ===
2026-06-04 22:24:47,813 [INFO] data-excel: /Users/theo/Desktop/P.IVA/Aziende/Ermes/Lavori/SIT - RSM/rev2/Rumore/misure/data/misF.xlsx
2026-06-04 22:24:47,813 [INFO] vr-excel:   /Users/theo/Desktop/P.IVA/Aziende/Ermes/Lavori/SIT - RSM/rev2/Rumore/output/vr_out.xlsx
2026-06-04 22:24:47,813 [INFO] revisione:  2  |  data: 26-feb-26  |  foglio: Tab-Mis
2026-06-04 22:24:47,813 [DEBUG] Caricamento data-excel...
2026-06-04 22:24:47,819 [INFO] ID univoci trovati nel data-excel: ['F1', 'F2', 'F3', 'F4', 'F5', 'F6']
2026-06-04 22:24:47,819 [DEBUG] Uso workbook vr-excel già caricato in memoria.
2026-06-04 22:24:47,819 [INFO] Ultima riga occupata in colonna B del foglio Tab-Mis: 159
2026-06-04 22:24:47,819 [DEBUG] Inserimento riga 160: ID=F1_2
2026-06-04 22:24:47,819 [DEBUG]   nTrack=1 → R=70.1, S=77.2, T=96.0
2026-06-04 22:24:47,819 [DEBUG]   nTrack=2 → X=68.7, Y=73.2, Z=88.9
2026-06-04 22:24:47,819 [DEBUG]   nTrack=3 → AB=70.4, AC=74.2, AD=98.4
2026-06-04 22:24:47,819 [DEBUG]   nTrack=4 → AF=71.8, AG=75.7, AH=100.4
2026-06-04 22:24:47,819 [DEBUG]   nTrack=5 → AJ=69.7, AK=78.0, AL=92.2
2026-06-04 22:24:47,819 [DEBUG]   nTrack=6 → AN=70.7, AO=78.6, AP=92.6
2026-06-04 22:24:47,819 [DEBUG]   Formula col M: 'None' → 'None'
2026-06-04 22:24:47,819 [DEBUG]   Formula col N: 'None' → 'None'
2026-06-04 22:24:47,819 [DEBUG]   Formula col O: 'None' → 'None'
2026-06-04 22:24:47,819 [DEBUG]   Formula col P: 'None' → 'None'
2026-06-04 22:24:47,820 [DEBUG]   Celle dalla riga 159 copiate in riga 160 (col AQ → col AR)
2026-06-04 22:24:47,820 [DEBUG] Inserimento riga 161: ID=F2_2
2026-06-04 22:24:47,820 [DEBUG]   nTrack=1 → R=72.8, S=77.3, T=100.2
2026-06-04 22:24:47,820 [DEBUG]   nTrack=2 → X=72.7, Y=77.2, Z=99.8
2026-06-04 22:24:47,820 [DEBUG]   nTrack=3 → AB=77.6, AC=80.5, AD=102.6
2026-06-04 22:24:47,820 [DEBUG]   nTrack=4 → AF=72.4, AG=77.4, AH=104.8
2026-06-04 22:24:47,820 [DEBUG]   nTrack=5 → AJ=72.1, AK=77.7, AL=102.6
2026-06-04 22:24:47,820 [DEBUG]   nTrack=6 → AN=71.5, AO=76.6, AP=102.7
2026-06-04 22:24:47,820 [DEBUG]   Formula col M: 'None' → 'None'
2026-06-04 22:24:47,820 [DEBUG]   Formula col N: 'None' → 'None'
2026-06-04 22:24:47,820 [DEBUG]   Formula col O: 'None' → 'None'
2026-06-04 22:24:47,820 [DEBUG]   Formula col P: 'None' → 'None'
2026-06-04 22:24:47,820 [DEBUG]   Celle dalla riga 160 copiate in riga 161 (col AQ → col AR)
2026-06-04 22:24:47,820 [DEBUG] Inserimento riga 162: ID=F3_2
2026-06-04 22:24:47,820 [DEBUG]   nTrack=1 → R=73.3, S=79.3, T=107.2
2026-06-04 22:24:47,820 [DEBUG]   nTrack=2 → X=72.6, Y=79.2, Z=99.5
2026-06-04 22:24:47,820 [DEBUG]   nTrack=3 → AB=72.6, AC=79.3, AD=103.9
2026-06-04 22:24:47,820 [DEBUG]   nTrack=4 → AF=71.8, AG=79.1, AH=95.6
2026-06-04 22:24:47,820 [DEBUG]   nTrack=5 → AJ=71.2, AK=78.9, AL=92.8
2026-06-04 22:24:47,820 [DEBUG]   nTrack=6 → AN=71.5, AO=79.0, AP=93.0
2026-06-04 22:24:47,820 [DEBUG]   Formula col M: 'None' → 'None'
2026-06-04 22:24:47,820 [DEBUG]   Formula col N: 'None' → 'None'
2026-06-04 22:24:47,820 [DEBUG]   Formula col O: 'None' → 'None'
2026-06-04 22:24:47,820 [DEBUG]   Formula col P: 'None' → 'None'
2026-06-04 22:24:47,820 [DEBUG]   Celle dalla riga 161 copiate in riga 162 (col AQ → col AR)
2026-06-04 22:24:47,821 [DEBUG] Inserimento riga 163: ID=F4_2
2026-06-04 22:24:47,821 [DEBUG]   nTrack=1 → R=69.5, S=73.5, T=88.8
2026-06-04 22:24:47,821 [DEBUG]   nTrack=2 → X=70.7, Y=73.6, Z=87.9
2026-06-04 22:24:47,821 [DEBUG]   nTrack=3 → AB=67.8, AC=72.5, AD=88.7
2026-06-04 22:24:47,821 [DEBUG]   nTrack=4 → AF=67.1, AG=72.5, AH=88.3
2026-06-04 22:24:47,821 [DEBUG]   nTrack=5 → AJ=67.2, AK=72.7, AL=87.0
2026-06-04 22:24:47,821 [DEBUG]   nTrack=6 → AN=67.0, AO=72.6, AP=90.0
2026-06-04 22:24:47,821 [DEBUG]   Formula col M: 'None' → 'None'
2026-06-04 22:24:47,821 [DEBUG]   Formula col N: 'None' → 'None'
2026-06-04 22:24:47,821 [DEBUG]   Formula col O: 'None' → 'None'
2026-06-04 22:24:47,821 [DEBUG]   Formula col P: 'None' → 'None'
2026-06-04 22:24:47,821 [DEBUG]   Celle dalla riga 162 copiate in riga 163 (col AQ → col AR)
2026-06-04 22:24:47,821 [DEBUG] Inserimento riga 164: ID=F5_2
2026-06-04 22:24:47,821 [DEBUG]   nTrack=1 → R=56.9, S=63.3, T=78.3
2026-06-04 22:24:47,821 [DEBUG]   nTrack=2 → X=57.3, Y=63.4, Z=78.2
2026-06-04 22:24:47,821 [DEBUG]   nTrack=3 → AB=59.5, AC=63.5, AD=78.6
2026-06-04 22:24:47,821 [DEBUG]   nTrack=4 → AF=56.9, AG=63.0, AH=81.5
2026-06-04 22:24:47,821 [DEBUG]   nTrack=5 → AJ=57.2, AK=63.5, AL=80.9
2026-06-04 22:24:47,821 [DEBUG]   nTrack=6 → AN=58.8, AO=64.5, AP=83.7
2026-06-04 22:24:47,821 [DEBUG]   Formula col M: 'None' → 'None'
2026-06-04 22:24:47,821 [DEBUG]   Formula col N: 'None' → 'None'
2026-06-04 22:24:47,821 [DEBUG]   Formula col O: 'None' → 'None'
2026-06-04 22:24:47,821 [DEBUG]   Formula col P: 'None' → 'None'
2026-06-04 22:24:47,821 [DEBUG]   Celle dalla riga 163 copiate in riga 164 (col AQ → col AR)
2026-06-04 22:24:47,821 [DEBUG] Inserimento riga 165: ID=F6_2
2026-06-04 22:24:47,821 [DEBUG]   nTrack=1 → R=79.2, S=82.0, T=95.9
2026-06-04 22:24:47,821 [DEBUG]   nTrack=2 → X=79.5, Y=82.0, Z=95.9
2026-06-04 22:24:47,822 [DEBUG]   nTrack=3 → AB=79.5, AC=81.8, AD=95.2
2026-06-04 22:24:47,822 [DEBUG]   nTrack=4 → AF=79.6, AG=82.1, AH=96.0
2026-06-04 22:24:47,822 [DEBUG]   nTrack=5 → AJ=79.4, AK=81.6, AL=94.8
2026-06-04 22:24:47,822 [DEBUG]   nTrack=6 → AN=79.1, AO=81.8, AP=97.3
2026-06-04 22:24:47,822 [DEBUG]   Formula col M: 'None' → 'None'
2026-06-04 22:24:47,822 [DEBUG]   Formula col N: 'None' → 'None'
2026-06-04 22:24:47,822 [DEBUG]   Formula col O: 'None' → 'None'
2026-06-04 22:24:47,822 [DEBUG]   Formula col P: 'None' → 'None'
2026-06-04 22:24:47,822 [DEBUG]   Celle dalla riga 164 copiate in riga 165 (col AQ → col AR)
2026-06-04 22:24:47,822 [DEBUG] Dati inseriti in memoria (salvataggio delegato al chiamante).
2026-06-04 22:24:47,822 [INFO] === data_excel2vr_excel completata ===
2026-06-04 22:24:47,822 [INFO] --- Elaborazione: misW.xlsx ---
2026-06-04 22:24:47,822 [INFO] === data_excel2vr_excel ===
2026-06-04 22:24:47,822 [INFO] data-excel: /Users/theo/Desktop/P.IVA/Aziende/Ermes/Lavori/SIT - RSM/rev2/Rumore/misure/data/misW.xlsx
2026-06-04 22:24:47,822 [INFO] vr-excel:   /Users/theo/Desktop/P.IVA/Aziende/Ermes/Lavori/SIT - RSM/rev2/Rumore/output/vr_out.xlsx
2026-06-04 22:24:47,822 [INFO] revisione:  2  |  data: 26-feb-26  |  foglio: Tab-Mis
2026-06-04 22:24:47,822 [DEBUG] Caricamento data-excel...
2026-06-04 22:24:47,827 [INFO] ID univoci trovati nel data-excel: ['W1', 'W2', 'W3', 'W4', 'W5', 'W6']
2026-06-04 22:24:47,828 [DEBUG] Uso workbook vr-excel già caricato in memoria.
2026-06-04 22:24:47,828 [INFO] Ultima riga occupata in colonna B del foglio Tab-Mis: 165
2026-06-04 22:24:47,828 [DEBUG] Inserimento riga 166: ID=W1_2
2026-06-04 22:24:47,828 [DEBUG]   nTrack=1 → R=74.4, S=79.1, T=109.0
2026-06-04 22:24:47,828 [DEBUG]   nTrack=2 → X=73.8, Y=78.4, Z=110.1
2026-06-04 22:24:47,828 [DEBUG]   nTrack=3 → AB=74.4, AC=78.3, AD=112.9
2026-06-04 22:24:47,828 [DEBUG]   nTrack=4 → AF=69.9, AG=76.0, AH=102.3
2026-06-04 22:24:47,828 [DEBUG]   nTrack=5 → AJ=74.6, AK=79.1, AL=108.5
2026-06-04 22:24:47,828 [DEBUG]   nTrack=6 → AN=70.4, AO=76.7, AP=92.1
2026-06-04 22:24:47,828 [DEBUG]   Formula col M: 'None' → 'None'
2026-06-04 22:24:47,828 [DEBUG]   Formula col N: 'None' → 'None'
2026-06-04 22:24:47,828 [DEBUG]   Formula col O: 'None' → 'None'
2026-06-04 22:24:47,828 [DEBUG]   Formula col P: 'None' → 'None'
2026-06-04 22:24:47,829 [DEBUG]   Celle dalla riga 165 copiate in riga 166 (col AQ → col AR)
2026-06-04 22:24:47,829 [DEBUG] Inserimento riga 167: ID=W2_2
2026-06-04 22:24:47,829 [DEBUG]   nTrack=1 → R=73.8, S=77.3, T=101.8
2026-06-04 22:24:47,829 [DEBUG]   nTrack=2 → X=77.4, Y=80.8, Z=108.5
2026-06-04 22:24:47,829 [DEBUG]   nTrack=3 → AB=75.8, AC=79.1, AD=106.3
2026-06-04 22:24:47,829 [DEBUG]   nTrack=4 → AF=75.9, AG=80.0, AH=118.2
2026-06-04 22:24:47,829 [DEBUG]   nTrack=5 → AJ=81.3, AK=84.0, AL=110.4
2026-06-04 22:24:47,829 [DEBUG]   nTrack=6 → AN=82.6, AO=84.7, AP=114.4
2026-06-04 22:24:47,829 [DEBUG]   Formula col M: 'None' → 'None'
2026-06-04 22:24:47,829 [DEBUG]   Formula col N: 'None' → 'None'
2026-06-04 22:24:47,829 [DEBUG]   Formula col O: 'None' → 'None'
2026-06-04 22:24:47,829 [DEBUG]   Formula col P: 'None' → 'None'
2026-06-04 22:24:47,829 [DEBUG]   Celle dalla riga 166 copiate in riga 167 (col AQ → col AR)
2026-06-04 22:24:47,829 [DEBUG] Inserimento riga 168: ID=W3_2
2026-06-04 22:24:47,829 [DEBUG]   nTrack=1 → R=85.9, S=88.3, T=110.9
2026-06-04 22:24:47,829 [DEBUG]   Formula col M: 'None' → 'None'
2026-06-04 22:24:47,829 [DEBUG]   Formula col N: 'None' → 'None'
2026-06-04 22:24:47,829 [DEBUG]   Formula col O: 'None' → 'None'
2026-06-04 22:24:47,829 [DEBUG]   Formula col P: 'None' → 'None'
2026-06-04 22:24:47,829 [DEBUG]   Celle dalla riga 167 copiate in riga 168 (col AQ → col AR)
2026-06-04 22:24:47,829 [DEBUG] Inserimento riga 169: ID=W4_2
2026-06-04 22:24:47,829 [DEBUG]   nTrack=1 → R=87.0, S=89.1, T=113.1
2026-06-04 22:24:47,829 [DEBUG]   Formula col M: 'None' → 'None'
2026-06-04 22:24:47,829 [DEBUG]   Formula col N: 'None' → 'None'
2026-06-04 22:24:47,829 [DEBUG]   Formula col O: 'None' → 'None'
2026-06-04 22:24:47,829 [DEBUG]   Formula col P: 'None' → 'None'
2026-06-04 22:24:47,830 [DEBUG]   Celle dalla riga 168 copiate in riga 169 (col AQ → col AR)
2026-06-04 22:24:47,830 [DEBUG] Inserimento riga 170: ID=W5_2
2026-06-04 22:24:47,830 [DEBUG]   nTrack=1 → R=82.8, S=83.0, T=114.1
2026-06-04 22:24:47,830 [DEBUG]   Formula col M: 'None' → 'None'
2026-06-04 22:24:47,830 [DEBUG]   Formula col N: 'None' → 'None'
2026-06-04 22:24:47,830 [DEBUG]   Formula col O: 'None' → 'None'
2026-06-04 22:24:47,830 [DEBUG]   Formula col P: 'None' → 'None'
2026-06-04 22:24:47,831 [DEBUG]   Celle dalla riga 169 copiate in riga 170 (col AQ → col AR)
2026-06-04 22:24:47,831 [DEBUG] Inserimento riga 171: ID=W6_2
2026-06-04 22:24:47,831 [DEBUG]   nTrack=1 → R=84.6, S=84.2, T=111.8
2026-06-04 22:24:47,831 [DEBUG]   Formula col M: 'None' → 'None'
2026-06-04 22:24:47,831 [DEBUG]   Formula col N: 'None' → 'None'
2026-06-04 22:24:47,831 [DEBUG]   Formula col O: 'None' → 'None'
2026-06-04 22:24:47,831 [DEBUG]   Formula col P: 'None' → 'None'
2026-06-04 22:24:47,831 [DEBUG]   Celle dalla riga 170 copiate in riga 171 (col AQ → col AR)
2026-06-04 22:24:47,831 [DEBUG] Dati inseriti in memoria (salvataggio delegato al chiamante).
2026-06-04 22:24:47,831 [INFO] === data_excel2vr_excel completata ===
2026-06-04 22:24:47,831 [INFO] Salvataggio vr-excel: /Users/theo/Desktop/P.IVA/Aziende/Ermes/Lavori/SIT - RSM/rev2/Rumore/output/vr_out.xlsx
2026-06-04 22:24:48,068 [INFO] === orchestrazione_copia_incolla completata ===
2026-06-04 22:24:48,068 [INFO] --- FASE 1 completata, vr-excel salvato in: /Users/theo/Desktop/P.IVA/Aziende/Ermes/Lavori/SIT - RSM/rev2/Rumore/output/vr_out.xlsx ---
